21:19:49 FFB3-ind  len= 34 4e001d00aab3711e1a0025010a00010000000000000000000000540000000340002e
21:19:50 CONNECTED - replaying 10 FFB1 writes
21:19:50 FFB2-noti len= 12 c0000700a20100011bca0009
21:19:50 FFB2-noti len= 12 c1000700a20100011d5a001b
21:19:51 FFB2-noti len= 12 c2000700a20100011e220004
21:19:51 FFB2-noti len= 12 c3000700a20100011f4e0011
21:19:52 FFB2-noti len= 12 c4000700a20100011b980017
   -> [0] 00000300b0300020
21:19:52 FFB2-noti len= 12 c5000700a20100011a080006
21:19:53 FFB2-noti len= 12 c6000700a201000119d60013
21:19:53 FFB2-noti len= 12 c7000700a201000119d60013
21:19:53 FFB2-noti len= 12 c8000700a201000118aa0006
21:19:54 FFB2-noti len= 12 c9000700a201000118aa0006
21:19:56 FFB2-noti len= 12 cf000700a2010001223c0002
21:19:56 FFB2-noti len= 12 d0000700a201000128180004
21:19:56 FFB2-noti len= 12 d5000700a201000113000017
21:19:57 FFB2-noti len= 12 d7000700a2010001045a0002
21:19:58 FFB2-noti len= 12 d8000700a20100010586000f
   -> [1] 01001b00c06aa9a5cd003c01b91c16a61c251d6a0f124de8bf01010344616e28
21:19:59 FFB3-ind  len=  8 4f000300a0010021
21:19:59 FFB2-noti len= 12 e1000700a201000114c2001a
21:20:03 FFB2-noti len= 12 ec000700a20100011b340013
21:20:04 FFB2-noti len= 12 f6000700a201000119d60013
21:20:05 FFB2-noti len= 12 f8000700a201000119a40001
21:20:05 FFB2-noti len= 12 fc000700a2010001177e0019
21:20:06 FFB2-noti len= 12 05000700a201000118aa0006
21:20:08 FFB2-noti len= 12 0a000700a201000119a40001
21:20:09 FFB2-noti len= 12 0e000700a20100011972000f
   -> [2] 02001600c10101b91c16a61c251d6a0f124de8bf01010344616e29
21:20:11 FFB3-ind  len=  8 50000300a0020022
21:20:13 FFB2-noti len= 12 34000700a203000119a40003
21:20:13 FFB2-noti len= 12 3d000700a203000119a40003
21:20:14 FFB2-noti len= 12 40000700a203000119a40003
21:20:15 FFB2-noti len= 12 43000700a203000119a40003
21:20:15 FFB2-noti len= 12 4c000700a203000119a40003
21:20:16 FFB2-noti len= 12 5e000700a203000119a40003
21:20:18 FFB2-noti len= 12 67000700a203000119a40003
21:20:18 FFB2-noti len= 12 6d000700a203000119a40003
   -> [3] 03001b00c06aa9a5cd003c01b91c16a61c251d6a0f124de8bf01010344616e28
21:20:20 FFB3-ind  len=  8 51000300a0030023
21:20:21 FFB2-noti len= 12 88000700a203000119a40003
21:20:22 FFB2-noti len= 12 8b000700a203000119a40003
21:20:23 FFB2-noti len= 12 94000700a203000119a40003
21:20:23 FFB2-noti len= 12 9a000700a203000119a40003
21:20:23 FFB2-noti len= 12 a0000700a203000119a40003
   -> [4] 04000600b6000003400039
21:20:24 FFB3-ind  len= 40 52002300a76aa9a5d3250119a4000a011b0bf40c520ab90af500da0a5e0ad10959098e124de8bf36 type=a7 *** FRESH BLOCK *** block=011b0bf40c520ab90af500da0a5e0ad10959098e
   -> [5] 05001b00c06aa9a5cd003c01b91c16a61c251d6a0f124de8bf01010344616e28
21:20:25 FFB3-ind  len=  8 53000300a0040024
   -> [6] 06001600c10101b91c16a61c251d6a0f124de8bf01010344616e29
21:20:26 FFB3-ind  len=  8 54000300a0050025
21:20:26 FFB3-ind  len=  8 55000300a0060026
   -> [7] 07001b00c06aa9a5cd003c01b91c16a61c251d6a0f124de8bf01010344616e28
21:20:28 FFB3-ind  len=  8 56000300a0070027
   -> [8] 08000300b0310021
   -> [9] 09000300b0390029
21:20:29 replay done - STAND ON SCALE
21:20:39 FFB2-noti len= 12 aa000700a200000000000002
21:20:50 FFB2-noti len= 12 ab000700a201000000000003
21:20:50 FFB2-noti len= 12 ac000700a201000000000003
21:20:51 FFB2-noti len= 12 ad000700a201000000000003
21:20:51 FFB2-noti len= 12 ae000700a20100011526001f
21:20:51 FFB2-noti len= 12 af000700a20100011dbe001f
21:20:51 FFB2-noti len= 12 b0000700a20100011d8c000d
21:20:53 FFB2-noti len= 12 b1000700a20100011620001a
21:20:53 FFB2-noti len= 12 b2000700a201000114c2001a
21:20:54 FFB2-noti len= 12 b3000700a20100011ad0000e
21:20:54 FFB2-noti len= 12 b4000700a20100011bfc001b
21:20:54 FFB2-noti len= 12 b5000700a201000116b60010
21:20:56 FFB2-noti len= 12 b6000700a20100011a3a0018
21:20:57 FFB2-noti len= 12 b7000700a20100011d280009
21:20:57 FFB2-noti len= 12 b8000700a201000111700005
21:20:57 FFB2-noti len= 12 b9000700a201000117e2001d
21:20:58 FFB2-noti len= 12 c3000700a20100011940001d
21:20:59 FFB2-noti len= 12 c5000700a20100011940001d
21:21:00 FFB2-noti len= 12 ca000700a20100011a080006
21:21:01 FFB2-noti len= 12 cc000700a201000118aa0006
21:21:01 FFB2-noti len= 12 d1000700a201000119a40001
21:21:02 FFB2-noti len= 12 e1000700a201000119a40001
21:21:03 FFB2-noti len= 12 e3000700a201000119a40001
21:21:03 FFB2-noti len= 12 e6000700a201000119a40001
21:21:04 FFB2-noti len= 12 ea000700a201000119a40001
21:21:04 FFB2-noti len= 12 ef000700a201000119a40001
21:21:04 FFB2-noti len= 12 f6000700a203000119a40003
21:21:04 FFB2-noti len= 12 01000700a203000119a40003
21:21:06 FFB2-noti len= 12 06000700a203000119a40003
21:21:08 FFB2-noti len= 12 08000700a203000119a40003
21:21:09 FFB2-noti len= 12 13000700a203000119a40003
21:21:10 FFB2-noti len= 12 14000700a203000119a40003
21:21:11 FFB2-noti len= 12 1a000700a203000119a40003
21:21:11 FFB2-noti len= 12 1d000700a203000119a40003
21:21:12 FFB2-noti len= 12 1f000700a203000119a40003
21:21:12 FFB2-noti len= 12 22000700a203000119a40003
21:21:12 FFB2-noti len= 12 23000700a203000119a40003
21:21:13 FFB2-noti len= 12 2f000700a203000119a40003
21:21:14 FFB2-noti len= 12 44000700a203000119a40003
21:21:14 FFB2-noti len= 12 49000700a203000119a40003
21:21:14 FFB2-noti len= 12 52000700a203000119a40003
21:21:15 FFB2-noti len= 12 5b000700a203000119a40003
21:21:16 FFB2-noti len= 12 5e000700a203000119a40003
21:21:16 FFB2-noti len= 12 60000700a203000119a40003
21:21:17 FFB2-noti len= 12 65000700a203000119a40003
21:21:17 FFB2-noti len= 12 67000700a203000119a40003
21:21:18 FFB2-noti len= 12 6c000700a203000119a40003
21:21:18 FFB3-ind  len= 40 57002300a76aa9a5fc250119a4000a011b0bf40c520ab90af500da0a5e0ad10959098e124de8bf3f type=a7 *** FRESH BLOCK *** block=011b0bf40c520ab90af500da0a5e0ad10959098e
21:21:35 FFB2-noti len= 12 70000700a200000000000002
