21:16:41 BleakGATTProtocolError
21:17:25 FFB3-ind  len= 34 46001d00aab3711e1a0025010a00010000000000000000000000540000000340002e
21:17:26 CONNECTED - replaying 10 FFB1 writes
21:17:26 FFB2-noti len= 12 be000700a200000000000002
21:17:26 FFB2-noti len= 12 bf000700a200000000000002
   -> [0] 00000300b0300020
   -> [1] 01001b00c06aa9a5cd003c01b91c16a61c251d6a0f124de8bf01010344616e28
21:17:27 FFB3-ind  len=  8 47000300a0010021
   -> [2] 02001600c10101b91c16a61c251d6a0f124de8bf01010344616e29
21:17:27 FFB3-ind  len=  8 48000300a0020022
   -> [3] 03001b00c06aa9a5cd003c01b91c16a61c251d6a0f124de8bf01010344616e28
21:17:28 FFB3-ind  len=  8 49000300a0030023
   -> [4] 04000600b6000003400039
21:17:28 FFB3-ind  len=  8 4a000300a0040024
   -> [5] 05001b00c06aa9a5cd003c01b91c16a61c251d6a0f124de8bf01010344616e28
21:17:29 FFB3-ind  len=  8 4b000300a0050025
   -> [6] 06001600c10101b91c16a61c251d6a0f124de8bf01010344616e29
21:17:29 FFB3-ind  len=  8 4c000300a0060026
   -> [7] 07001b00c06aa9a5cd003c01b91c16a61c251d6a0f124de8bf01010344616e28
21:17:30 FFB3-ind  len=  8 4d000300a0070027
   -> [8] 08000300b0310021
   -> [9] 09000300b0390029
21:17:33 replay done - STAND ON SCALE
