18:34:53 FFB3-ind  len= 34 08001d00aab3711e1a0025010a00010000000000000000000000540000000340002e 
MARKER 20:15:59
20:16:23 FFB3-ind  len= 34 09001d00aab3711e1a0025010a00010000000000000000000000540000000340002e 
20:16:23 FFB2-noti len= 12 e2000700a201000001900014 
20:16:23 FFB2-noti len= 12 e3000700a201000001c20006 
20:16:23 FFB2-noti len= 12 e4000700a2010000047e0005 
20:16:23 FFB2-noti len= 12 e5000700a2010000047e0005 
20:16:23 FFB2-noti len= 12 e6000700a2010000047e0005 
20:16:23 FFB2-noti len= 12 e7000700a2010000047e0005 
20:16:24 FFB2-noti len= 12 e8000700a2010000047e0005 
20:16:24 FFB2-noti len= 12 e9000700a2010000047e0005 
20:16:24 FFB2-noti len= 12 ea000700a2010000044c0013 
20:16:24 FFB2-noti len= 12 eb000700a2010000044c0013 
20:16:24 FFB2-noti len= 12 ec000700a2010000044c0013 
20:16:24 FFB2-noti len= 12 ed000700a201000000000003 
20:16:24 FFB2-noti len= 12 ee000700a201000000000003 
20:16:24 FFB2-noti len= 12 ef000700a201000000000003 
20:16:25 FFB2-noti len= 12 f0000700a201000000000003 
20:16:25 FFB2-noti len= 12 f1000700a201000000000003 
20:16:25 FFB2-noti len= 12 f2000700a2010000012c0010 
20:16:25 FFB2-noti len= 12 f3000700a20100000bea0018 
20:16:25 FFB2-noti len= 12 f4000700a20100004236001b 
20:16:25 FFB2-noti len= 12 f5000700a2010000cddc000c 
20:16:25 FFB2-noti len= 12 f6000700a201000118140010 
20:16:26 FFB2-noti len= 12 f7000700a20100010cc00010 
20:16:27 FFB2-noti len= 12 f8000700a201000107160001 
20:16:27 FFB2-noti len= 12 f9000700a20100010f4a001d 
20:16:27 FFB2-noti len= 12 fa000700a2010000ee160007 
20:16:27 FFB2-noti len= 12 fb000700a2010000f80c0007 
20:16:27 FFB2-noti len= 12 fc000700a20100011d5a001b 
20:16:28 FFB2-noti len= 12 fd000700a201000136be0018 
20:16:28 FFB2-noti len= 12 fe000700a20100013f240007 
20:16:29 FFB2-noti len= 12 ff000700a20100011c2e000e 
20:16:29 FFB2-noti len= 12 00000700a2010001223c0002 
20:16:29 FFB2-noti len= 12 02000700a20100013d940015 
20:16:29 FFB2-noti len= 12 03000700a20100012c320002 
20:16:29 FFB2-noti len= 12 04000700a201000109d2001f 
20:16:30 FFB2-noti len= 12 06000700a20100010cc00010 
20:16:30 FFB2-noti len= 12 0a000700a2010001093c0009 
20:16:30 FFB2-noti len= 12 0e000700a2010001177e0019 
20:16:31 FFB2-noti len= 12 10000700a20100011526001f 
20:16:33 FFB2-noti len= 12 13000700a20100011a3a0018 
20:16:33 FFB2-noti len= 12 16000700a20100011652000c 
20:16:33 FFB2-noti len= 12 17000700a2010001177e0019 
20:16:35 FFB2-noti len= 12 18000700a2010001177e0019 
20:16:35 FFB2-noti len= 12 1a000700a201000115ee0007 
20:16:35 FFB2-noti len= 12 1d000700a201000115ee0007 
20:16:36 FFB2-noti len= 12 22000700a20100011620001a 
20:16:36 FFB2-noti len= 12 23000700a20100011620001a 
20:16:36 FFB2-noti len= 12 27000700a20100011620001a 
20:16:37 FFB2-noti len= 12 34000700a20100011620001a 
20:16:37 FFB2-noti len= 12 38000700a20100011620001a 
20:16:39 FFB2-noti len= 12 39000700a20100011620001a 
20:16:39 FFB2-noti len= 12 44000700a20300011620001c 
20:16:43 FFB2-noti len= 12 4a000700a20300011620001c 
20:16:44 FFB2-noti len= 12 4b000700a20300011620001c 
20:16:46 FFB2-noti len= 12 4c000700a20300011620001c 
20:16:47 FFB2-noti len= 12 4f000700a20300011620001c 
20:16:48 FFB2-noti len= 12 50000700a20300011620001c 
20:16:48 FFB2-noti len= 12 57000700a20300011620001c 
20:16:51 FFB2-noti len= 12 5a000700a20300011620001c 
20:16:52 FFB2-noti len= 12 66000700a20300011620001c 
20:16:53 FFB2-noti len= 12 68000700a20300011620001c 
20:16:53 FFB2-noti len= 12 8d000700a20300011620001c 
20:16:54 FFB2-noti len= 12 95000700a20300011620001c 
20:16:55 FFB2-noti len= 12 a4000700a20300011620001c 
20:16:55 FFB2-noti len= 12 ae000700a20300011620001c 
20:16:55 FFB2-noti len= 12 b0000700a20300011620001c 
20:16:56 FFB2-noti len= 12 b6000700a20300011620001c 
20:16:57 FFB3-ind  len= 40 0a002300a76aa999a125011620000a01260c050c550ac20b0300dd0a6b0ad709600998124de8bf30 *** A7 ***
20:17:10 FFB2-noti len= 12 bb000700a200000000000002 
20:17:39 FFB2-noti len= 12 bc000700a201000000000003 
20:17:39 FFB2-noti len= 12 bd000700a201000000000003 
20:17:40 FFB2-noti len= 12 be000700a201000000000003 
20:17:41 FFB2-noti len= 12 bf000700a20100010fae0001 
20:17:41 FFB2-noti len= 12 c0000700a2010001126a0000 
20:17:41 FFB2-noti len= 12 c1000700a20100010e1e0010 
20:17:41 FFB2-noti len= 12 c2000700a201000110da000e 
20:17:41 FFB2-noti len= 12 c3000700a20100011cc40004 
20:17:41 FFB2-noti len= 12 c4000700a201000114900008 
20:17:41 FFB2-noti len= 12 c5000700a20100011364001b 
20:17:43 FFB2-noti len= 12 c6000700a20100011d8c000d 
20:17:43 FFB2-noti len= 12 c7000700a20100011620001a 
20:17:43 FFB2-noti len= 12 c9000700a201000114c2001a 
20:17:43 FFB2-noti len= 12 ca000700a20100011a6c000a 
20:17:43 FFB2-noti len= 12 cb000700a20100011972000f 
20:17:44 FFB2-noti len= 12 cc000700a20100011972000f 
20:17:44 FFB2-noti len= 12 cd000700a20100011238000e 
20:17:44 FFB2-noti len= 12 cf000700a2010001142c0004 
20:17:44 FFB2-noti len= 12 d0000700a20100011bca0009 
20:17:44 FFB2-noti len= 12 db000700a201000115580011 
20:17:44 FFB2-noti len= 12 dd000700a2010001158a0003 
20:17:44 FFB2-noti len= 12 df000700a2010001158a0003 
20:17:44 FFB2-noti len= 12 e0000700a20100011620001a 
20:17:45 FFB2-noti len= 12 e1000700a20100011620001a 
20:17:45 FFB2-noti len= 12 e3000700a20100011620001a 
20:17:45 FFB2-noti len= 12 e4000700a20100011620001a 
20:17:45 FFB2-noti len= 12 e5000700a20100011620001a 
20:17:45 FFB2-noti len= 12 e6000700a20100011620001a 
20:17:45 FFB2-noti len= 12 e7000700a20100011620001a 
20:17:45 FFB2-noti len= 12 e8000700a20100011620001a 
20:17:45 FFB2-noti len= 12 e9000700a20100011620001a 
20:17:46 FFB2-noti len= 12 ea000700a20100011620001a 
20:17:46 FFB2-noti len= 12 eb000700a20100011620001a 
20:17:46 FFB2-noti len= 12 ec000700a20100011620001a 
20:17:46 FFB2-noti len= 12 ed000700a20100011620001a 
20:17:47 FFB2-noti len= 12 ee000700a20100011620001a 
20:17:47 FFB2-noti len= 12 ef000700a20100011620001a 
20:17:47 FFB2-noti len= 12 f0000700a20100011620001a 
20:17:47 FFB2-noti len= 12 f1000700a20100011620001a 
=== RUN3 20:20:57 ===
=== RUN4 20:26:51 ===
=== RUN5 20:29:26 ===
